// Jest Snapshot v1, https://goo.gl/fbAQLP

exports[`Rating should render correctly 1`] = `
<form
  id="rating-form"
  onSubmit={[Function]}
>
  <WithStyles(ForwardRef(Grid))
    alignItems="center"
    className="rating-container"
    container={true}
    justify="center"
    spacing={5}
  >
    <WithStyles(ForwardRef(Grid))
      item={true}
      lg={2}
      xs={12}
    >
      <WithStyles(ForwardRef(TextField))
        fullWidth={true}
        id="band"
        label="Band"
        onChange={[Function]}
        required={true}
        value=""
        variant="outlined"
      />
    </WithStyles(ForwardRef(Grid))>
    <WithStyles(ForwardRef(Grid))
      item={true}
      lg={2}
      xs={12}
    >
      <WithStyles(ForwardRef(TextField))
        fullWidth={true}
        id="festival"
        label="Festival"
        onChange={[Function]}
        required={true}
        value=""
        variant="outlined"
      />
    </WithStyles(ForwardRef(Grid))>
    <WithStyles(ForwardRef(Grid))
      item={true}
      lg={1}
      xs={12}
    >
      <WithStyles(ForwardRef(TextField))
        fullWidth={true}
        id="year"
        label="Year"
        onChange={[Function]}
        required={true}
        value=""
        variant="outlined"
      />
    </WithStyles(ForwardRef(Grid))>
    <WithStyles(ForwardRef(Grid))
      className="rating-rating"
      item={true}
    >
      <WithStyles(ForwardRef(Rating))
        name="rating"
        onChange={[Function]}
        value={1}
      />
    </WithStyles(ForwardRef(Grid))>
    <WithStyles(ForwardRef(Grid))
      item={true}
      lg={4}
      xs={12}
    >
      <WithStyles(ForwardRef(TextField))
        fullWidth={true}
        id="comment"
        label="Comment"
        onChange={[Function]}
        value=""
        variant="outlined"
      />
    </WithStyles(ForwardRef(Grid))>
    <WithStyles(ForwardRef(Grid))
      item={true}
      lg={1}
    >
      <WithStyles(ForwardRef(Button))
        type="submit"
        variant="outlined"
      >
         Submit 
      </WithStyles(ForwardRef(Button))>
    </WithStyles(ForwardRef(Grid))>
  </WithStyles(ForwardRef(Grid))>
</form>
`;
