// Jest Snapshot v1, https://goo.gl/fbAQLP

exports[`TabBar should render correctly 1`] = `
<Fragment>
  <WithStyles(ForwardRef(Tabs))
    indicatorColor="primary"
    onChange={[Function]}
    value={0}
    variant="fullWidth"
  >
    <WithStyles(ForwardRef(Tab))
      label="Overview"
    />
    <WithStyles(ForwardRef(Tab))
      label="Rating"
    />
  </WithStyles(ForwardRef(Tabs))>
  <Overview />
</Fragment>
`;
